// Jest Snapshot v1, https://goo.gl/fbAQLP

exports[`Users container Users container dispatch \`getUsers()\` on click Load More renders properly 1`] = `ShallowWrapper {}`;

exports[`Users container Users container initial renders properly 1`] = `ShallowWrapper {}`;

exports[`Users container Users container isFetching renders properly 1`] = `ShallowWrapper {}`;

exports[`Users container Users container state renders properly 1`] = `ShallowWrapper {}`;

exports[`Users container Users container with Error message renders properly 1`] = `ShallowWrapper {}`;

exports[`Users container Users container with UsersList renders properly 1`] = `ShallowWrapper {}`;

exports[`Users container Users container with next url renders properly 1`] = `ShallowWrapper {}`;
